["C:\\Users\\SeriousDev\\Documents\\BetterInternship\\Client\\tests\\utils.test.ts","C:\\Users\\SeriousDev\\Documents\\BetterInternship\\Client\\lib\\api\\__tests__\\JobService.test.ts"]
